MPLINK 4.48, Linker
Linker Map File - Created Tue Mar 21 13:12:42 2023

                                 Section Info
                  Section       Type    Address   Location Size(Bytes)
                ---------  ---------  ---------  ---------  ---------
                   .org_0       code   0x000000    program   0x000002
                   .cinit    romdata   0x000001    program   0x000004
                   .org_1       code   0x000004    program   0x000076
      .config_2007_MAIN.O       code   0x002007    program   0x000002



                              Program Memory Usage 
                               Start         End      
                           ---------   ---------      
                            0x000000    0x000002      
                            0x000004    0x00003e      
                            0x002007    0x002007      
            63 out of 8454 program addresses used, program memory utilization is 0%



                              Symbols - Sorted by Name
                     Name    Address   Location    Storage File                     
                ---------  ---------  ---------  --------- ---------                
                     BACK   0x000030    program     static C:\Users\swata\OneDrive\Desktop\mplab\main.asm
                      ISR   0x000025    program     static C:\Users\swata\OneDrive\Desktop\mplab\main.asm
             LED_TURN_OFF   0x00003b    program     static C:\Users\swata\OneDrive\Desktop\mplab\main.asm
              LED_TURN_ON   0x000037    program     static C:\Users\swata\OneDrive\Desktop\mplab\main.asm
                     init   0x000005    program     static C:\Users\swata\OneDrive\Desktop\mplab\main.asm
                     loop   0x000036    program     static C:\Users\swata\OneDrive\Desktop\mplab\main.asm
                    start   0x000036    program     static C:\Users\swata\OneDrive\Desktop\mplab\main.asm



                              Symbols - Sorted by Address
                     Name    Address   Location    Storage File                     
                ---------  ---------  ---------  --------- ---------                
                     init   0x000005    program     static C:\Users\swata\OneDrive\Desktop\mplab\main.asm
                      ISR   0x000025    program     static C:\Users\swata\OneDrive\Desktop\mplab\main.asm
                     BACK   0x000030    program     static C:\Users\swata\OneDrive\Desktop\mplab\main.asm
                     loop   0x000036    program     static C:\Users\swata\OneDrive\Desktop\mplab\main.asm
                    start   0x000036    program     static C:\Users\swata\OneDrive\Desktop\mplab\main.asm
              LED_TURN_ON   0x000037    program     static C:\Users\swata\OneDrive\Desktop\mplab\main.asm
             LED_TURN_OFF   0x00003b    program     static C:\Users\swata\OneDrive\Desktop\mplab\main.asm


