MPLINK 4.48, Linker
Linker Map File - Created Mon Mar 20 14:53:07 2023

                                 Section Info
                  Section       Type    Address   Location Size(Bytes)
                ---------  ---------  ---------  ---------  ---------
                   .org_0       code   0x000000    program   0x000002
                   .cinit    romdata   0x000001    program   0x000004
                   .org_1       code   0x000004    program   0x00001c
      .config_2007_MAIN.O       code   0x002007    program   0x000002



                              Program Memory Usage 
                               Start         End      
                           ---------   ---------      
                            0x000000    0x000002      
                            0x000004    0x000011      
                            0x002007    0x002007      
            18 out of 8454 program addresses used, program memory utilization is 0%



                              Symbols - Sorted by Name
                     Name    Address   Location    Storage File                     
                ---------  ---------  ---------  --------- ---------                
                      ISR   0x000005    program     static C:\Users\swata\OneDrive\Desktop\mplab\main.asm
                   LED_ON   0x00000e    program     static C:\Users\swata\OneDrive\Desktop\mplab\main.asm
                     init   0x000007    program     static C:\Users\swata\OneDrive\Desktop\mplab\main.asm
                     loop   0x00000d    program     static C:\Users\swata\OneDrive\Desktop\mplab\main.asm
                    start   0x00000c    program     static C:\Users\swata\OneDrive\Desktop\mplab\main.asm



                              Symbols - Sorted by Address
                     Name    Address   Location    Storage File                     
                ---------  ---------  ---------  --------- ---------                
                      ISR   0x000005    program     static C:\Users\swata\OneDrive\Desktop\mplab\main.asm
                     init   0x000007    program     static C:\Users\swata\OneDrive\Desktop\mplab\main.asm
                    start   0x00000c    program     static C:\Users\swata\OneDrive\Desktop\mplab\main.asm
                     loop   0x00000d    program     static C:\Users\swata\OneDrive\Desktop\mplab\main.asm
                   LED_ON   0x00000e    program     static C:\Users\swata\OneDrive\Desktop\mplab\main.asm


